[32m[Nest] 17648  - [39m15:35:25 12/08/2026 [32m    LOG[39m [38;5;3m[NestFactory] [39m[32mStarting Nest application...[39m
[32m[Nest] 17648  - [39m15:35:25 12/08/2026 [32m    LOG[39m [38;5;3m[InstanceLoader] [39m[32mPrismaModule dependencies initialized[39m[38;5;3m +40ms[39m
[32m[Nest] 17648  - [39m15:35:25 12/08/2026 [32m    LOG[39m [38;5;3m[InstanceLoader] [39m[32mPassportModule dependencies initialized[39m[38;5;3m +0ms[39m
[32m[Nest] 17648  - [39m15:35:25 12/08/2026 [32m    LOG[39m [38;5;3m[InstanceLoader] [39m[32mSecurityModule dependencies initialized[39m[38;5;3m +17ms[39m
[32m[Nest] 17648  - [39m15:35:25 12/08/2026 [32m    LOG[39m [38;5;3m[InstanceLoader] [39m[32mConfigHostModule dependencies initialized[39m[38;5;3m +0ms[39m
[32m[Nest] 17648  - [39m15:35:25 12/08/2026 [32m    LOG[39m [38;5;3m[InstanceLoader] [39m[32mJwtModule dependencies initialized[39m[38;5;3m +1ms[39m
[32m[Nest] 17648  - [39m15:35:25 12/08/2026 [32m    LOG[39m [38;5;3m[InstanceLoader] [39m[32mConfigModule dependencies initialized[39m[38;5;3m +2ms[39m
[32m[Nest] 17648  - [39m15:35:25 12/08/2026 [32m    LOG[39m [38;5;3m[InstanceLoader] [39m[32mConfigModule dependencies initialized[39m[38;5;3m +1ms[39m
[32m[Nest] 17648  - [39m15:35:25 12/08/2026 [32m    LOG[39m [38;5;3m[InstanceLoader] [39m[32mAppModule dependencies initialized[39m[38;5;3m +2ms[39m
[32m[Nest] 17648  - [39m15:35:25 12/08/2026 [32m    LOG[39m [38;5;3m[InstanceLoader] [39m[32mContactModule dependencies initialized[39m[38;5;3m +1ms[39m
[32m[Nest] 17648  - [39m15:35:25 12/08/2026 [32m    LOG[39m [38;5;3m[InstanceLoader] [39m[32mUsersModule dependencies initialized[39m[38;5;3m +1ms[39m
[32m[Nest] 17648  - [39m15:35:25 12/08/2026 [32m    LOG[39m [38;5;3m[InstanceLoader] [39m[32mDepartmentsModule dependencies initialized[39m[38;5;3m +0ms[39m
[32m[Nest] 17648  - [39m15:35:25 12/08/2026 [32m    LOG[39m [38;5;3m[InstanceLoader] [39m[32mClassesModule dependencies initialized[39m[38;5;3m +0ms[39m
[32m[Nest] 17648  - [39m15:35:25 12/08/2026 [32m    LOG[39m [38;5;3m[InstanceLoader] [39m[32mSubjectsModule dependencies initialized[39m[38;5;3m +0ms[39m
[32m[Nest] 17648  - [39m15:35:25 12/08/2026 [32m    LOG[39m [38;5;3m[InstanceLoader] [39m[32mDashboardModule dependencies initialized[39m[38;5;3m +1ms[39m
[32m[Nest] 17648  - [39m15:35:25 12/08/2026 [32m    LOG[39m [38;5;3m[InstanceLoader] [39m[32mPracticeModule dependencies initialized[39m[38;5;3m +0ms[39m
[32m[Nest] 17648  - [39m15:35:25 12/08/2026 [32m    LOG[39m [38;5;3m[InstanceLoader] [39m[32mExamReportsModule dependencies initialized[39m[38;5;3m +1ms[39m
[32m[Nest] 17648  - [39m15:35:25 12/08/2026 [32m    LOG[39m [38;5;3m[InstanceLoader] [39m[32mAuditModule dependencies initialized[39m[38;5;3m +0ms[39m
[32m[Nest] 17648  - [39m15:35:25 12/08/2026 [32m    LOG[39m [38;5;3m[InstanceLoader] [39m[32mProctorModule dependencies initialized[39m[38;5;3m +1ms[39m
[32m[Nest] 17648  - [39m15:35:25 12/08/2026 [32m    LOG[39m [38;5;3m[InstanceLoader] [39m[32mTrashModule dependencies initialized[39m[38;5;3m +0ms[39m
[32m[Nest] 17648  - [39m15:35:25 12/08/2026 [32m    LOG[39m [38;5;3m[InstanceLoader] [39m[32mTeachersModule dependencies initialized[39m[38;5;3m +1ms[39m
[32m[Nest] 17648  - [39m15:35:25 12/08/2026 [32m    LOG[39m [38;5;3m[InstanceLoader] [39m[32mExamRoomsModule dependencies initialized[39m[38;5;3m +0ms[39m
[32m[Nest] 17648  - [39m15:35:25 12/08/2026 [32m    LOG[39m [38;5;3m[InstanceLoader] [39m[32mGradeAppealsModule dependencies initialized[39m[38;5;3m +0ms[39m
[32m[Nest] 17648  - [39m15:35:25 12/08/2026 [32m    LOG[39m [38;5;3m[InstanceLoader] [39m[32mStudentsModule dependencies initialized[39m[38;5;3m +0ms[39m
[32m[Nest] 17648  - [39m15:35:25 12/08/2026 [32m    LOG[39m [38;5;3m[InstanceLoader] [39m[32mExamPeriodsModule dependencies initialized[39m[38;5;3m +1ms[39m
[32m[Nest] 17648  - [39m15:35:25 12/08/2026 [32m    LOG[39m [38;5;3m[InstanceLoader] [39m[32mExamSchedulesModule dependencies initialized[39m[38;5;3m +0ms[39m
[32m[Nest] 17648  - [39m15:35:25 12/08/2026 [32m    LOG[39m [38;5;3m[InstanceLoader] [39m[32mExamArrangementModule dependencies initialized[39m[38;5;3m +0ms[39m
[32m[Nest] 17648  - [39m15:35:25 12/08/2026 [32m    LOG[39m [38;5;3m[InstanceLoader] [39m[32mExamSupervisorsModule dependencies initialized[39m[38;5;3m +0ms[39m
[32m[Nest] 17648  - [39m15:35:25 12/08/2026 [32m    LOG[39m [38;5;3m[InstanceLoader] [39m[32mQuestionsModule dependencies initialized[39m[38;5;3m +1ms[39m
[32m[Nest] 17648  - [39m15:35:25 12/08/2026 [32m    LOG[39m [38;5;3m[InstanceLoader] [39m[32mExamPapersModule dependencies initialized[39m[38;5;3m +0ms[39m
[32m[Nest] 17648  - [39m15:35:25 12/08/2026 [32m    LOG[39m [38;5;3m[InstanceLoader] [39m[32mAuthModule dependencies initialized[39m[38;5;3m +1ms[39m
[32m[Nest] 17648  - [39m15:35:25 12/08/2026 [32m    LOG[39m [38;5;3m[InstanceLoader] [39m[32mBackupsModule dependencies initialized[39m[38;5;3m +0ms[39m
[32m[Nest] 17648  - [39m15:35:25 12/08/2026 [32m    LOG[39m [38;5;3m[InstanceLoader] [39m[32mAiModule dependencies initialized[39m[38;5;3m +1ms[39m
[32m[Nest] 17648  - [39m15:35:25 12/08/2026 [32m    LOG[39m [38;5;3m[InstanceLoader] [39m[32mEssayModule dependencies initialized[39m[38;5;3m +0ms[39m
[32m[Nest] 17648  - [39m15:35:25 12/08/2026 [32m    LOG[39m [38;5;3m[InstanceLoader] [39m[32mOnlineExamsModule dependencies initialized[39m[38;5;3m +1ms[39m
[32m[Nest] 17648  - [39m15:35:25 12/08/2026 [32m    LOG[39m [38;5;3m[RoutesResolver] [39m[32mAuditController {/audit-logs}:[39m[38;5;3m +5ms[39m
[32m[Nest] 17648  - [39m15:35:25 12/08/2026 [32m    LOG[39m [38;5;3m[RouterExplorer] [39m[32mMapped {/audit-logs, GET} route[39m[38;5;3m +2ms[39m
[32m[Nest] 17648  - [39m15:35:25 12/08/2026 [32m    LOG[39m [38;5;3m[RoutesResolver] [39m[32mAuthController {/auth}:[39m[38;5;3m +0ms[39m
[32m[Nest] 17648  - [39m15:35:25 12/08/2026 [32m    LOG[39m [38;5;3m[RouterExplorer] [39m[32mMapped {/auth/login, POST} route[39m[38;5;3m +1ms[39m
[32m[Nest] 17648  - [39m15:35:25 12/08/2026 [32m    LOG[39m [38;5;3m[RouterExplorer] [39m[32mMapped {/auth/google, GET} route[39m[38;5;3m +0ms[39m
[32m[Nest] 17648  - [39m15:35:25 12/08/2026 [32m    LOG[39m [38;5;3m[RouterExplorer] [39m[32mMapped {/auth/google/callback, GET} route[39m[38;5;3m +1ms[39m
[32m[Nest] 17648  - [39m15:35:25 12/08/2026 [32m    LOG[39m [38;5;3m[RouterExplorer] [39m[32mMapped {/auth/google, POST} route[39m[38;5;3m +0ms[39m
[32m[Nest] 17648  - [39m15:35:25 12/08/2026 [32m    LOG[39m [38;5;3m[RouterExplorer] [39m[32mMapped {/auth/refresh, POST} route[39m[38;5;3m +0ms[39m
[32m[Nest] 17648  - [39m15:35:25 12/08/2026 [32m    LOG[39m [38;5;3m[RouterExplorer] [39m[32mMapped {/auth/logout, POST} route[39m[38;5;3m +1ms[39m
[32m[Nest] 17648  - [39m15:35:25 12/08/2026 [32m    LOG[39m [38;5;3m[RouterExplorer] [39m[32mMapped {/auth/profile, GET} route[39m[38;5;3m +0ms[39m
[32m[Nest] 17648  - [39m15:35:25 12/08/2026 [32m    LOG[39m [38;5;3m[RouterExplorer] [39m[32mMapped {/auth/change-password, POST} route[39m[38;5;3m +1ms[39m
[32m[Nest] 17648  - [39m15:35:25 12/08/2026 [32m    LOG[39m [38;5;3m[RouterExplorer] [39m[32mMapped {/auth/profile, POST} route[39m[38;5;3m +0ms[39m
[32m[Nest] 17648  - [39m15:35:25 12/08/2026 [32m    LOG[39m [38;5;3m[RoutesResolver] [39m[32mUsersController {/users}:[39m[38;5;3m +0ms[39m
[32m[Nest] 17648  - [39m15:35:25 12/08/2026 [32m    LOG[39m [38;5;3m[RouterExplorer] [39m[32mMapped {/users/dashboard-stats, GET} route[39m[38;5;3m +1ms[39m
[32m[Nest] 17648  - [39m15:35:25 12/08/2026 [32m    LOG[39m [38;5;3m[RouterExplorer] [39m[32mMapped {/users, GET} route[39m[38;5;3m +0ms[39m
[32m[Nest] 17648  - [39m15:35:25 12/08/2026 [32m    LOG[39m [38;5;3m[RouterExplorer] [39m[32mMapped {/users/:id, GET} route[39m[38;5;3m +1ms[39m
[32m[Nest] 17648  - [39m15:35:25 12/08/2026 [32m    LOG[39m [38;5;3m[RoutesResolver] [39m[32mDepartmentsController {/departments}:[39m[38;5;3m +0ms[39m
[32m[Nest] 17648  - [39m15:35:25 12/08/2026 [32m    LOG[39m [38;5;3m[RouterExplorer] [39m[32mMapped {/departments, GET} route[39m[38;5;3m +1ms[39m
[32m[Nest] 17648  - [39m15:35:25 12/08/2026 [32m    LOG[39m [38;5;3m[RouterExplorer] [39m[32mMapped {/departments/:id/curriculum, GET} route[39m[38;5;3m +0ms[39m
[32m[Nest] 17648  - [39m15:35:25 12/08/2026 [32m    LOG[39m [38;5;3m[RouterExplorer] [39m[32mMapped {/departments/:id, GET} route[39m[38;5;3m +1ms[39m
[32m[Nest] 17648  - [39m15:35:25 12/08/2026 [32m    LOG[39m [38;5;3m[RouterExplorer] [39m[32mMapped {/departments, POST} route[39m[38;5;3m +0ms[39m
[32m[Nest] 17648  - [39m15:35:25 12/08/2026 [32m    LOG[39m [38;5;3m[RouterExplorer] [39m[32mMapped {/departments/:id/curriculum, POST} route[39m[38;5;3m +1ms[39m
[32m[Nest] 17648  - [39m15:35:25 12/08/2026 [32m    LOG[39m [38;5;3m[RouterExplorer] [39m[32mMapped {/departments/:id, PATCH} route[39m[38;5;3m +1ms[39m
[32m[Nest] 17648  - [39m15:35:25 12/08/2026 [32m    LOG[39m [38;5;3m[RouterExplorer] [39m[32mMapped {/departments/:id/curriculum/:subjectId, DELETE} route[39m[38;5;3m +0ms[39m
[32m[Nest] 17648  - [39m15:35:25 12/08/2026 [32m    LOG[39m [38;5;3m[RouterExplorer] [39m[32mMapped {/departments/:id, DELETE} route[39m[38;5;3m +0ms[39m
[32m[Nest] 17648  - [39m15:35:25 12/08/2026 [32m    LOG[39m [38;5;3m[RoutesResolver] [39m[32mClassesController {/classes}:[39m[38;5;3m +1ms[39m
[32m[Nest] 17648  - [39m15:35:25 12/08/2026 [32m    LOG[39m [38;5;3m[RouterExplorer] [39m[32mMapped {/classes, GET} route[39m[38;5;3m +0ms[39m
[32m[Nest] 17648  - [39m15:35:25 12/08/2026 [32m    LOG[39m [38;5;3m[RouterExplorer] [39m[32mMapped {/classes/:id/subjects, GET} route[39m[38;5;3m +0ms[39m
[32m[Nest] 17648  - [39m15:35:25 12/08/2026 [32m    LOG[39m [38;5;3m[RouterExplorer] [39m[32mMapped {/classes/:id, GET} route[39m[38;5;3m +1ms[39m
[32m[Nest] 17648  - [39m15:35:25 12/08/2026 [32m    LOG[39m [38;5;3m[RouterExplorer] [39m[32mMapped {/classes, POST} route[39m[38;5;3m +0ms[39m
[32m[Nest] 17648  - [39m15:35:25 12/08/2026 [32m    LOG[39m [38;5;3m[RouterExplorer] [39m[32mMapped {/classes/:id, PATCH} route[39m[38;5;3m +1ms[39m
[32m[Nest] 17648  - [39m15:35:25 12/08/2026 [32m    LOG[39m [38;5;3m[RouterExplorer] [39m[32mMapped {/classes/:id, DELETE} route[39m[38;5;3m +0ms[39m
[32m[Nest] 17648  - [39m15:35:25 12/08/2026 [32m    LOG[39m [38;5;3m[RoutesResolver] [39m[32mStudentsController {/students}:[39m[38;5;3m +0ms[39m
[32m[Nest] 17648  - [39m15:35:25 12/08/2026 [32m    LOG[39m [38;5;3m[RouterExplorer] [39m[32mMapped {/students/my-schedule, GET} route[39m[38;5;3m +1ms[39m
[32m[Nest] 17648  - [39m15:35:25 12/08/2026 [32m    LOG[39m [38;5;3m[RouterExplorer] [39m[32mMapped {/students/my-curriculum, GET} route[39m[38;5;3m +0ms[39m
[32m[Nest] 17648  - [39m15:35:25 12/08/2026 [32m    LOG[39m [38;5;3m[RouterExplorer] [39m[32mMapped {/students/my-results, GET} route[39m[38;5;3m +1ms[39m
[32m[Nest] 17648  - [39m15:35:25 12/08/2026 [32m    LOG[39m [38;5;3m[RouterExplorer] [39m[32mMapped {/students/my-results/:attemptId/appeal, POST} route[39m[38;5;3m +0ms[39m
[32m[Nest] 17648  - [39m15:35:25 12/08/2026 [32m    LOG[39m [38;5;3m[RouterExplorer] [39m[32mMapped {/students, GET} route[39m[38;5;3m +1ms[39m
[32m[Nest] 17648  - [39m15:35:25 12/08/2026 [32m    LOG[39m [38;5;3m[RouterExplorer] [39m[32mMapped {/students/:id/subjects, GET} route[39m[38;5;3m +0ms[39m
[32m[Nest] 17648  - [39m15:35:25 12/08/2026 [32m    LOG[39m [38;5;3m[RouterExplorer] [39m[32mMapped {/students/:id/exam-schedule, GET} route[39m[38;5;3m +1ms[39m
[32m[Nest] 17648  - [39m15:35:25 12/08/2026 [32m    LOG[39m [38;5;3m[RouterExplorer] [39m[32mMapped {/students/:id/lock, POST} route[39m[38;5;3m +0ms[39m
[32m[Nest] 17648  - [39m15:35:25 12/08/2026 [32m    LOG[39m [38;5;3m[RouterExplorer] [39m[32mMapped {/students/:id/unlock, POST} route[39m[38;5;3m +1ms[39m
[32m[Nest] 17648  - [39m15:35:25 12/08/2026 [32m    LOG[39m [38;5;3m[RouterExplorer] [39m[32mMapped {/students/:id, GET} route[39m[38;5;3m +0ms[39m
[32m[Nest] 17648  - [39m15:35:25 12/08/2026 [32m    LOG[39m [38;5;3m[RouterExplorer] [39m[32mMapped {/students, POST} route[39m[38;5;3m +0ms[39m
[32m[Nest] 17648  - [39m15:35:25 12/08/2026 [32m    LOG[39m [38;5;3m[RouterExplorer] [39m[32mMapped {/students/:id, PATCH} route[39m[38;5;3m +1ms[39m
[32m[Nest] 17648  - [39m15:35:25 12/08/2026 [32m    LOG[39m [38;5;3m[RouterExplorer] [39m[32mMapped {/students/:id, DELETE} route[39m[38;5;3m +0ms[39m
[32m[Nest] 17648  - [39m15:35:25 12/08/2026 [32m    LOG[39m [38;5;3m[RoutesResolver] [39m[32mTeachersController {/teachers}:[39m[38;5;3m +1ms[39m
[32m[Nest] 17648  - [39m15:35:25 12/08/2026 [32m    LOG[39m [38;5;3m[RouterExplorer] [39m[32mMapped {/teachers/my-assignments, GET} route[39m[38;5;3m +0ms[39m
[32m[Nest] 17648  - [39m15:35:25 12/08/2026 [32m    LOG[39m [38;5;3m[RouterExplorer] [39m[32mMapped {/teachers/my-assignments/:id/status, PATCH} route[39m[38;5;3m +0ms[39m
[32m[Nest] 17648  - [39m15:35:25 12/08/2026 [32m    LOG[39m [38;5;3m[RouterExplorer] [39m[32mMapped {/teachers/my-assignments/:id/attendance-sheet, GET} route[39m[38;5;3m +1ms[39m
[32m[Nest] 17648  - [39m15:35:25 12/08/2026 [32m    LOG[39m [38;5;3m[RouterExplorer] [39m[32mMapped {/teachers, GET} route[39m[38;5;3m +0ms[39m
[32m[Nest] 17648  - [39m15:35:25 12/08/2026 [32m    LOG[39m [38;5;3m[RouterExplorer] [39m[32mMapped {/teachers/:id/lock, POST} route[39m[38;5;3m +1ms[39m
[32m[Nest] 17648  - [39m15:35:25 12/08/2026 [32m    LOG[39m [38;5;3m[RouterExplorer] [39m[32mMapped {/teachers/:id/unlock, POST} route[39m[38;5;3m +0ms[39m
[32m[Nest] 17648  - [39m15:35:25 12/08/2026 [32m    LOG[39m [38;5;3m[RouterExplorer] [39m[32mMapped {/teachers/:id, GET} route[39m[38;5;3m +1ms[39m
[32m[Nest] 17648  - [39m15:35:25 12/08/2026 [32m    LOG[39m [38;5;3m[RouterExplorer] [39m[32mMapped {/teachers, POST} route[39m[38;5;3m +0ms[39m
[32m[Nest] 17648  - [39m15:35:25 12/08/2026 [32m    LOG[39m [38;5;3m[RouterExplorer] [39m[32mMapped {/teachers/:id, PATCH} route[39m[38;5;3m +0ms[39m
[32m[Nest] 17648  - [39m15:35:25 12/08/2026 [32m    LOG[39m [38;5;3m[RouterExplorer] [39m[32mMapped {/teachers/:id, DELETE} route[39m[38;5;3m +1ms[39m
[32m[Nest] 17648  - [39m15:35:25 12/08/2026 [32m    LOG[39m [38;5;3m[RoutesResolver] [39m[32mSubjectsController {/subjects}:[39m[38;5;3m +0ms[39m
[32m[Nest] 17648  - [39m15:35:25 12/08/2026 [32m    LOG[39m [38;5;3m[RouterExplorer] [39m[32mMapped {/subjects, GET} route[39m[38;5;3m +1ms[39m
[32m[Nest] 17648  - [39m15:35:25 12/08/2026 [32m    LOG[39m [38;5;3m[RouterExplorer] [39m[32mMapped {/subjects/:id, GET} route[39m[38;5;3m +2ms[39m
[32m[Nest] 17648  - [39m15:35:25 12/08/2026 [32m    LOG[39m [38;5;3m[RouterExplorer] [39m[32mMapped {/subjects/:id/chapters, GET} route[39m[38;5;3m +0ms[39m
[32m[Nest] 17648  - [39m15:35:25 12/08/2026 [32m    LOG[39m [38;5;3m[RouterExplorer] [39m[32mMapped {/subjects/:id/enrollments/summary, GET} route[39m[38;5;3m +1ms[39m
[32m[Nest] 17648  - [39m15:35:25 12/08/2026 [32m    LOG[39m [38;5;3m[RouterExplorer] [39m[32mMapped {/subjects/:id/enrollments, GET} route[39m[38;5;3m +0ms[39m
[32m[Nest] 17648  - [39m15:35:25 12/08/2026 [32m    LOG[39m [38;5;3m[RouterExplorer] [39m[32mMapped {/subjects/:id/enroll-class/preview, GET} route[39m[38;5;3m +1ms[39m
[32m[Nest] 17648  - [39m15:35:25 12/08/2026 [32m    LOG[39m [38;5;3m[RouterExplorer] [39m[32mMapped {/subjects/:id/enroll-by-class, POST} route[39m[38;5;3m +0ms[39m
[32m[Nest] 17648  - [39m15:35:25 12/08/2026 [32m    LOG[39m [38;5;3m[RouterExplorer] [39m[32mMapped {/subjects/:id/enroll-students, POST} route[39m[38;5;3m +0ms[39m
[32m[Nest] 17648  - [39m15:35:25 12/08/2026 [32m    LOG[39m [38;5;3m[RouterExplorer] [39m[32mMapped {/subjects, POST} route[39m[38;5;3m +1ms[39m
[32m[Nest] 17648  - [39m15:35:25 12/08/2026 [32m    LOG[39m [38;5;3m[RouterExplorer] [39m[32mMapped {/subjects/:id, PATCH} route[39m[38;5;3m +0ms[39m
[32m[Nest] 17648  - [39m15:35:25 12/08/2026 [32m    LOG[39m [38;5;3m[RouterExplorer] [39m[32mMapped {/subjects/:id, DELETE} route[39m[38;5;3m +1ms[39m
[32m[Nest] 17648  - [39m15:35:25 12/08/2026 [32m    LOG[39m [38;5;3m[RoutesResolver] [39m[32mExamRoomsController {/exam-rooms}:[39m[38;5;3m +0ms[39m
[32m[Nest] 17648  - [39m15:35:25 12/08/2026 [32m    LOG[39m [38;5;3m[RouterExplorer] [39m[32mMapped {/exam-rooms, GET} route[39m[38;5;3m +1ms[39m
[32m[Nest] 17648  - [39m15:35:25 12/08/2026 [32m    LOG[39m [38;5;3m[RouterExplorer] [39m[32mMapped {/exam-rooms/:id, GET} route[39m[38;5;3m +0ms[39m
[32m[Nest] 17648  - [39m15:35:25 12/08/2026 [32m    LOG[39m [38;5;3m[RouterExplorer] [39m[32mMapped {/exam-rooms/:id/lock, POST} route[39m[38;5;3m +0ms[39m
[32m[Nest] 17648  - [39m15:35:25 12/08/2026 [32m    LOG[39m [38;5;3m[RouterExplorer] [39m[32mMapped {/exam-rooms/:id/unlock, POST} route[39m[38;5;3m +1ms[39m
[32m[Nest] 17648  - [39m15:35:25 12/08/2026 [32m    LOG[39m [38;5;3m[RouterExplorer] [39m[32mMapped {/exam-rooms, POST} route[39m[38;5;3m +0ms[39m
[32m[Nest] 17648  - [39m15:35:25 12/08/2026 [32m    LOG[39m [38;5;3m[RouterExplorer] [39m[32mMapped {/exam-rooms/:id, PATCH} route[39m[38;5;3m +0ms[39m
[32m[Nest] 17648  - [39m15:35:25 12/08/2026 [32m    LOG[39m [38;5;3m[RouterExplorer] [39m[32mMapped {/exam-rooms/:id, DELETE} route[39m[38;5;3m +1ms[39m
[32m[Nest] 17648  - [39m15:35:25 12/08/2026 [32m    LOG[39m [38;5;3m[RoutesResolver] [39m[32mExamPeriodsController {/exam-periods}:[39m[38;5;3m +0ms[39m
[32m[Nest] 17648  - [39m15:35:25 12/08/2026 [32m    LOG[39m [38;5;3m[RouterExplorer] [39m[32mMapped {/exam-periods, GET} route[39m[38;5;3m +1ms[39m
[32m[Nest] 17648  - [39m15:35:25 12/08/2026 [32m    LOG[39m [38;5;3m[RouterExplorer] [39m[32mMapped {/exam-periods/:id, GET} route[39m[38;5;3m +0ms[39m
[32m[Nest] 17648  - [39m15:35:25 12/08/2026 [32m    LOG[39m [38;5;3m[RouterExplorer] [39m[32mMapped {/exam-periods, POST} route[39m[38;5;3m +0ms[39m
[32m[Nest] 17648  - [39m15:35:25 12/08/2026 [32m    LOG[39m [38;5;3m[RouterExplorer] [39m[32mMapped {/exam-periods/:id, PATCH} route[39m[38;5;3m +1ms[39m
[32m[Nest] 17648  - [39m15:35:25 12/08/2026 [32m    LOG[39m [38;5;3m[RouterExplorer] [39m[32mMapped {/exam-periods/:id, DELETE} route[39m[38;5;3m +0ms[39m
[32m[Nest] 17648  - [39m15:35:25 12/08/2026 [32m    LOG[39m [38;5;3m[RouterExplorer] [39m[32mMapped {/exam-periods/:id/lock, POST} route[39m[38;5;3m +0ms[39m
[32m[Nest] 17648  - [39m15:35:25 12/08/2026 [32m    LOG[39m [38;5;3m[RouterExplorer] [39m[32mMapped {/exam-periods/:id/unlock, POST} route[39m[38;5;3m +1ms[39m
[32m[Nest] 17648  - [39m15:35:25 12/08/2026 [32m    LOG[39m [38;5;3m[RoutesResolver] [39m[32mExamSchedulesController {/exam-schedules}:[39m[38;5;3m +0ms[39m
[32m[Nest] 17648  - [39m15:35:25 12/08/2026 [32m    LOG[39m [38;5;3m[RouterExplorer] [39m[32mMapped {/exam-schedules, GET} route[39m[38;5;3m +1ms[39m
[32m[Nest] 17648  - [39m15:35:25 12/08/2026 [32m    LOG[39m [38;5;3m[RouterExplorer] [39m[32mMapped {/exam-schedules/conflicts, GET} route[39m[38;5;3m +0ms[39m
[32m[Nest] 17648  - [39m15:35:25 12/08/2026 [32m    LOG[39m [38;5;3m[RouterExplorer] [39m[32mMapped {/exam-schedules/trash, GET} route[39m[38;5;3m +0ms[39m
[32m[Nest] 17648  - [39m15:35:25 12/08/2026 [32m    LOG[39m [38;5;3m[RouterExplorer] [39m[32mMapped {/exam-schedules/auto-preview, POST} route[39m[38;5;3m +1ms[39m
[32m[Nest] 17648  - [39m15:35:25 12/08/2026 [32m    LOG[39m [38;5;3m[RouterExplorer] [39m[32mMapped {/exam-schedules/auto-apply, POST} route[39m[38;5;3m +0ms[39m
[32m[Nest] 17648  - [39m15:35:25 12/08/2026 [32m    LOG[39m [38;5;3m[RouterExplorer] [39m[32mMapped {/exam-schedules/:id/lock, POST} route[39m[38;5;3m +0ms[39m
[32m[Nest] 17648  - [39m15:35:25 12/08/2026 [32m    LOG[39m [38;5;3m[RouterExplorer] [39m[32mMapped {/exam-schedules/:id/unlock, POST} route[39m[38;5;3m +1ms[39m
[32m[Nest] 17648  - [39m15:35:25 12/08/2026 [32m    LOG[39m [38;5;3m[RouterExplorer] [39m[32mMapped {/exam-schedules/:id, GET} route[39m[38;5;3m +0ms[39m
[32m[Nest] 17648  - [39m15:35:25 12/08/2026 [32m    LOG[39m [38;5;3m[RouterExplorer] [39m[32mMapped {/exam-schedules, POST} route[39m[38;5;3m +1ms[39m
[32m[Nest] 17648  - [39m15:35:25 12/08/2026 [32m    LOG[39m [38;5;3m[RouterExplorer] [39m[32mMapped {/exam-schedules/:id, PATCH} route[39m[38;5;3m +2ms[39m
[32m[Nest] 17648  - [39m15:35:25 12/08/2026 [32m    LOG[39m [38;5;3m[RouterExplorer] [39m[32mMapped {/exam-schedules/:id, DELETE} route[39m[38;5;3m +0ms[39m
[32m[Nest] 17648  - [39m15:35:25 12/08/2026 [32m    LOG[39m [38;5;3m[RouterExplorer] [39m[32mMapped {/exam-schedules/:id/reopen-entry, POST} route[39m[38;5;3m +1ms[39m
[32m[Nest] 17648  - [39m15:35:25 12/08/2026 [32m    LOG[39m [38;5;3m[RouterExplorer] [39m[32mMapped {/exam-schedules/:id/restore, POST} route[39m[38;5;3m +0ms[39m
[32m[Nest] 17648  - [39m15:35:25 12/08/2026 [32m    LOG[39m [38;5;3m[RoutesResolver] [39m[32mExamArrangementController {/exam-arrangement}:[39m[38;5;3m +1ms[39m
[32m[Nest] 17648  - [39m15:35:25 12/08/2026 [32m    LOG[39m [38;5;3m[RouterExplorer] [39m[32mMapped {/exam-arrangement/auto-arrange, POST} route[39m[38;5;3m +0ms[39m
[32m[Nest] 17648  - [39m15:35:25 12/08/2026 [32m    LOG[39m [38;5;3m[RouterExplorer] [39m[32mMapped {/exam-arrangement/preview, POST} route[39m[38;5;3m +1ms[39m
[32m[Nest] 17648  - [39m15:35:25 12/08/2026 [32m    LOG[39m [38;5;3m[RouterExplorer] [39m[32mMapped {/exam-arrangement/result, GET} route[39m[38;5;3m +0ms[39m
[32m[Nest] 17648  - [39m15:35:25 12/08/2026 [32m    LOG[39m [38;5;3m[RouterExplorer] [39m[32mMapped {/exam-arrangement/room-availability, GET} route[39m[38;5;3m +1ms[39m
[32m[Nest] 17648  - [39m15:35:25 12/08/2026 [32m    LOG[39m [38;5;3m[RouterExplorer] [39m[32mMapped {/exam-arrangement/reset/:examScheduleId, DELETE} route[39m[38;5;3m +0ms[39m
[32m[Nest] 17648  - [39m15:35:25 12/08/2026 [32m    LOG[39m [38;5;3m[RouterExplorer] [39m[32mMapped {/exam-arrangement/history, GET} route[39m[38;5;3m +0ms[39m
[32m[Nest] 17648  - [39m15:35:25 12/08/2026 [32m    LOG[39m [38;5;3m[RoutesResolver] [39m[32mExamSupervisorsController {/exam-supervisors}:[39m[38;5;3m +1ms[39m
[32m[Nest] 17648  - [39m15:35:25 12/08/2026 [32m    LOG[39m [38;5;3m[RouterExplorer] [39m[32mMapped {/exam-supervisors/assign, POST} route[39m[38;5;3m +0ms[39m
[32m[Nest] 17648  - [39m15:35:25 12/08/2026 [32m    LOG[39m [38;5;3m[RouterExplorer] [39m[32mMapped {/exam-supervisors/auto-preview, POST} route[39m[38;5;3m +0ms[39m
[32m[Nest] 17648  - [39m15:35:25 12/08/2026 [32m    LOG[39m [38;5;3m[RouterExplorer] [39m[32mMapped {/exam-supervisors/auto-assign, POST} route[39m[38;5;3m +1ms[39m
[32m[Nest] 17648  - [39m15:35:25 12/08/2026 [32m    LOG[39m [38;5;3m[RouterExplorer] [39m[32mMapped {/exam-supervisors, GET} route[39m[38;5;3m +0ms[39m
[32m[Nest] 17648  - [39m15:35:25 12/08/2026 [32m    LOG[39m [38;5;3m[RouterExplorer] [39m[32mMapped {/exam-supervisors/:id/status, PATCH} route[39m[38;5;3m +0ms[39m
[32m[Nest] 17648  - [39m15:35:25 12/08/2026 [32m    LOG[39m [38;5;3m[RouterExplorer] [39m[32mMapped {/exam-supervisors/:id, DELETE} route[39m[38;5;3m +1ms[39m
[32m[Nest] 17648  - [39m15:35:25 12/08/2026 [32m    LOG[39m [38;5;3m[RoutesResolver] [39m[32mQuestionsController {/questions}:[39m[38;5;3m +0ms[39m
[32m[Nest] 17648  - [39m15:35:25 12/08/2026 [32m    LOG[39m [38;5;3m[RouterExplorer] [39m[32mMapped {/questions, GET} route[39m[38;5;3m +0ms[39m
[32m[Nest] 17648  - [39m15:35:25 12/08/2026 [32m    LOG[39m [38;5;3m[RouterExplorer] [39m[32mMapped {/questions/statistics, GET} route[39m[38;5;3m +1ms[39m
[32m[Nest] 17648  - [39m15:35:25 12/08/2026 [32m    LOG[39m [38;5;3m[RouterExplorer] [39m[32mMapped {/questions/filter-options, GET} route[39m[38;5;3m +0ms[39m
[32m[Nest] 17648  - [39m15:35:25 12/08/2026 [32m    LOG[39m [38;5;3m[RouterExplorer] [39m[32mMapped {/questions/import/template, GET} route[39m[38;5;3m +0ms[39m
[32m[Nest] 17648  - [39m15:35:25 12/08/2026 [32m    LOG[39m [38;5;3m[RouterExplorer] [39m[32mMapped {/questions/media/preview, POST} route[39m[38;5;3m +1ms[39m
[32m[Nest] 17648  - [39m15:35:25 12/08/2026 [32m    LOG[39m [38;5;3m[RouterExplorer] [39m[32mMapped {/questions/media/upload, POST} route[39m[38;5;3m +0ms[39m
[32m[Nest] 17648  - [39m15:35:25 12/08/2026 [32m    LOG[39m [38;5;3m[RouterExplorer] [39m[32mMapped {/questions/media/:id, DELETE} route[39m[38;5;3m +0ms[39m
[32m[Nest] 17648  - [39m15:35:25 12/08/2026 [32m    LOG[39m [38;5;3m[RouterExplorer] [39m[32mMapped {/questions/export, POST} route[39m[38;5;3m +1ms[39m
[32m[Nest] 17648  - [39m15:35:25 12/08/2026 [32m    LOG[39m [38;5;3m[RouterExplorer] [39m[32mMapped {/questions/bulk-action, POST} route[39m[38;5;3m +0ms[39m
[32m[Nest] 17648  - [39m15:35:25 12/08/2026 [32m    LOG[39m [38;5;3m[RouterExplorer] [39m[32mMapped {/questions/import/preview, POST} route[39m[38;5;3m +0ms[39m
[32m[Nest] 17648  - [39m15:35:25 12/08/2026 [32m    LOG[39m [38;5;3m[RouterExplorer] [39m[32mMapped {/questions/import/confirm, POST} route[39m[38;5;3m +0ms[39m
[32m[Nest] 17648  - [39m15:35:25 12/08/2026 [32m    LOG[39m [38;5;3m[RouterExplorer] [39m[32mMapped {/questions/ai-generate, POST} route[39m[38;5;3m +1ms[39m
[32m[Nest] 17648  - [39m15:35:25 12/08/2026 [32m    LOG[39m [38;5;3m[RouterExplorer] [39m[32mMapped {/questions/ai-save, POST} route[39m[38;5;3m +0ms[39m
[32m[Nest] 17648  - [39m15:35:25 12/08/2026 [32m    LOG[39m [38;5;3m[RouterExplorer] [39m[32mMapped {/questions/ai-extract-text, POST} route[39m[38;5;3m +0ms[39m
[32m[Nest] 17648  - [39m15:35:25 12/08/2026 [32m    LOG[39m [38;5;3m[RouterExplorer] [39m[32mMapped {/questions, POST} route[39m[38;5;3m +1ms[39m
[32m[Nest] 17648  - [39m15:35:25 12/08/2026 [32m    LOG[39m [38;5;3m[RouterExplorer] [39m[32mMapped {/questions/:id, GET} route[39m[38;5;3m +0ms[39m
[32m[Nest] 17648  - [39m15:35:25 12/08/2026 [32m    LOG[39m [38;5;3m[RouterExplorer] [39m[32mMapped {/questions/:id, PATCH} route[39m[38;5;3m +0ms[39m
[32m[Nest] 17648  - [39m15:35:25 12/08/2026 [32m    LOG[39m [38;5;3m[RouterExplorer] [39m[32mMapped {/questions/:id/duplicate, POST} route[39m[38;5;3m +1ms[39m
[32m[Nest] 17648  - [39m15:35:25 12/08/2026 [32m    LOG[39m [38;5;3m[RouterExplorer] [39m[32mMapped {/questions/:id/submit, POST} route[39m[38;5;3m +0ms[39m
[32m[Nest] 17648  - [39m15:35:25 12/08/2026 [32m    LOG[39m [38;5;3m[RouterExplorer] [39m[32mMapped {/questions/:id/approve, POST} route[39m[38;5;3m +1ms[39m
[32m[Nest] 17648  - [39m15:35:25 12/08/2026 [32m    LOG[39m [38;5;3m[RouterExplorer] [39m[32mMapped {/questions/:id/reject, POST} route[39m[38;5;3m +0ms[39m
[32m[Nest] 17648  - [39m15:35:25 12/08/2026 [32m    LOG[39m [38;5;3m[RouterExplorer] [39m[32mMapped {/questions/:id/archive, POST} route[39m[38;5;3m +1ms[39m
[32m[Nest] 17648  - [39m15:35:25 12/08/2026 [32m    LOG[39m [38;5;3m[RouterExplorer] [39m[32mMapped {/questions/:id/restore, POST} route[39m[38;5;3m +1ms[39m
[32m[Nest] 17648  - [39m15:35:25 12/08/2026 [32m    LOG[39m [38;5;3m[RouterExplorer] [39m[32mMapped {/questions/:id, DELETE} route[39m[38;5;3m +0ms[39m
[32m[Nest] 17648  - [39m15:35:25 12/08/2026 [32m    LOG[39m [38;5;3m[RoutesResolver] [39m[32mExamPapersController {/exam-papers}:[39m[38;5;3m +0ms[39m
[32m[Nest] 17648  - [39m15:35:25 12/08/2026 [32m    LOG[39m [38;5;3m[RouterExplorer] [39m[32mMapped {/exam-papers/create-random, POST} route[39m[38;5;3m +1ms[39m
[32m[Nest] 17648  - [39m15:35:25 12/08/2026 [32m    LOG[39m [38;5;3m[RouterExplorer] [39m[32mMapped {/exam-papers/preview-random, POST} route[39m[38;5;3m +1ms[39m
[32m[Nest] 17648  - [39m15:35:25 12/08/2026 [32m    LOG[39m [38;5;3m[RouterExplorer] [39m[32mMapped {/exam-papers, GET} route[39m[38;5;3m +0ms[39m
[32m[Nest] 17648  - [39m15:35:25 12/08/2026 [32m    LOG[39m [38;5;3m[RouterExplorer] [39m[32mMapped {/exam-papers/:id, GET} route[39m[38;5;3m +1ms[39m
[32m[Nest] 17648  - [39m15:35:25 12/08/2026 [32m    LOG[39m [38;5;3m[RouterExplorer] [39m[32mMapped {/exam-papers/:id/publish, POST} route[39m[38;5;3m +0ms[39m
[32m[Nest] 17648  - [39m15:35:25 12/08/2026 [32m    LOG[39m [38;5;3m[RouterExplorer] [39m[32mMapped {/exam-papers/:id/password, PATCH} route[39m[38;5;3m +0ms[39m
[32m[Nest] 17648  - [39m15:35:25 12/08/2026 [32m    LOG[39m [38;5;3m[RouterExplorer] [39m[32mMapped {/exam-papers/:id/archive, POST} route[39m[38;5;3m +1ms[39m
[32m[Nest] 17648  - [39m15:35:25 12/08/2026 [32m    LOG[39m [38;5;3m[RouterExplorer] [39m[32mMapped {/exam-papers/:id/restore, POST} route[39m[38;5;3m +0ms[39m
[32m[Nest] 17648  - [39m15:35:25 12/08/2026 [32m    LOG[39m [38;5;3m[RouterExplorer] [39m[32mMapped {/exam-papers/:id, DELETE} route[39m[38;5;3m +0ms[39m
[32m[Nest] 17648  - [39m15:35:25 12/08/2026 [32m    LOG[39m [38;5;3m[RoutesResolver] [39m[32mDashboardController {/dashboard}:[39m[38;5;3m +1ms[39m
[32m[Nest] 17648  - [39m15:35:25 12/08/2026 [32m    LOG[39m [38;5;3m[RouterExplorer] [39m[32mMapped {/dashboard/overview, GET} route[39m[38;5;3m +0ms[39m
[32m[Nest] 17648  - [39m15:35:25 12/08/2026 [32m    LOG[39m [38;5;3m[RoutesResolver] [39m[32mOnlineExamsController {/online-exams}:[39m[38;5;3m +0ms[39m
[32m[Nest] 17648  - [39m15:35:25 12/08/2026 [32m    LOG[39m [38;5;3m[RouterExplorer] [39m[32mMapped {/online-exams/schedule/:scheduleId/check-eligibility, GET} route[39m[38;5;3m +1ms[39m
[32m[Nest] 17648  - [39m15:35:25 12/08/2026 [32m    LOG[39m [38;5;3m[RouterExplorer] [39m[32mMapped {/online-exams/schedule/:scheduleId/start, POST} route[39m[38;5;3m +0ms[39m
[32m[Nest] 17648  - [39m15:35:25 12/08/2026 [32m    LOG[39m [38;5;3m[RouterExplorer] [39m[32mMapped {/online-exams/attempt/:token/questions, GET} route[39m[38;5;3m +0ms[39m
[32m[Nest] 17648  - [39m15:35:25 12/08/2026 [32m    LOG[39m [38;5;3m[RouterExplorer] [39m[32mMapped {/online-exams/attempt/:token/answers/save, POST} route[39m[38;5;3m +1ms[39m
[32m[Nest] 17648  - [39m15:35:25 12/08/2026 [32m    LOG[39m [38;5;3m[RouterExplorer] [39m[32mMapped {/online-exams/attempt/:token/heartbeat, POST} route[39m[38;5;3m +0ms[39m
[32m[Nest] 17648  - [39m15:35:25 12/08/2026 [32m    LOG[39m [38;5;3m[RouterExplorer] [39m[32mMapped {/online-exams/attempt/:token/events, POST} route[39m[38;5;3m +0ms[39m
[32m[Nest] 17648  - [39m15:35:25 12/08/2026 [32m    LOG[39m [38;5;3m[RouterExplorer] [39m[32mMapped {/online-exams/attempt/:token/submit, POST} route[39m[38;5;3m +0ms[39m
[32m[Nest] 17648  - [39m15:35:25 12/08/2026 [32m    LOG[39m [38;5;3m[RouterExplorer] [39m[32mMapped {/online-exams/attempt/:attemptId/result, GET} route[39m[38;5;3m +1ms[39m
[32m[Nest] 17648  - [39m15:35:25 12/08/2026 [32m    LOG[39m [38;5;3m[RouterExplorer] [39m[32mMapped {/online-exams/attempt/:attemptId/review, GET} route[39m[38;5;3m +0ms[39m
[32m[Nest] 17648  - [39m15:35:25 12/08/2026 [32m    LOG[39m [38;5;3m[RouterExplorer] [39m[32mMapped {/online-exams/attempt/:attemptId/appeal, POST} route[39m[38;5;3m +0ms[39m
[32m[Nest] 17648  - [39m15:35:25 12/08/2026 [32m    LOG[39m [38;5;3m[RouterExplorer] [39m[32mMapped {/online-exams/schedule/:scheduleId/grade-report, GET} route[39m[38;5;3m +1ms[39m
[32m[Nest] 17648  - [39m15:35:25 12/08/2026 [32m    LOG[39m [38;5;3m[RoutesResolver] [39m[32mOnlineExamConfigController {/online-exam-config}:[39m[38;5;3m +0ms[39m
[32m[Nest] 17648  - [39m15:35:25 12/08/2026 [32m    LOG[39m [38;5;3m[RouterExplorer] [39m[32mMapped {/online-exam-config/:scheduleId/media-display, PATCH} route[39m[38;5;3m +1ms[39m
[32m[Nest] 17648  - [39m15:35:25 12/08/2026 [32m    LOG[39m [38;5;3m[RoutesResolver] [39m[32mEssayController {/essay}:[39m[38;5;3m +0ms[39m
[32m[Nest] 17648  - [39m15:35:25 12/08/2026 [32m    LOG[39m [38;5;3m[RouterExplorer] [39m[32mMapped {/essay/questions/:questionId/rubric, GET} route[39m[38;5;3m +0ms[39m
[32m[Nest] 17648  - [39m15:35:25 12/08/2026 [32m    LOG[39m [38;5;3m[RouterExplorer] [39m[32mMapped {/essay/questions/:questionId/rubric, POST} route[39m[38;5;3m +1ms[39m
[32m[Nest] 17648  - [39m15:35:25 12/08/2026 [32m    LOG[39m [38;5;3m[RouterExplorer] [39m[32mMapped {/essay/grading/auto-zero-missed, POST} route[39m[38;5;3m +0ms[39m
[32m[Nest] 17648  - [39m15:35:25 12/08/2026 [32m    LOG[39m [38;5;3m[RouterExplorer] [39m[32mMapped {/essay/grading/assignments, GET} route[39m[38;5;3m +0ms[39m
[32m[Nest] 17648  - [39m15:35:25 12/08/2026 [32m    LOG[39m [38;5;3m[RouterExplorer] [39m[32mMapped {/essay/grading/attempts/:attemptId, GET} route[39m[38;5;3m +0ms[39m
[32m[Nest] 17648  - [39m15:35:25 12/08/2026 [32m    LOG[39m [38;5;3m[RouterExplorer] [39m[32mMapped {/essay/grading/answers/:answerId, PATCH} route[39m[38;5;3m +1ms[39m
[32m[Nest] 17648  - [39m15:35:25 12/08/2026 [32m    LOG[39m [38;5;3m[RouterExplorer] [39m[32mMapped {/essay/grading/attempts/:attemptId/submit, POST} route[39m[38;5;3m +0ms[39m
[32m[Nest] 17648  - [39m15:35:25 12/08/2026 [32m    LOG[39m [38;5;3m[RouterExplorer] [39m[32mMapped {/essay/grading/attempts/:attemptId/approve, POST} route[39m[38;5;3m +0ms[39m
[32m[Nest] 17648  - [39m15:35:25 12/08/2026 [32m    LOG[39m [38;5;3m[RouterExplorer] [39m[32mMapped {/essay/grading/attempts/:attemptId/publish, POST} route[39m[38;5;3m +1ms[39m
[32m[Nest] 17648  - [39m15:35:25 12/08/2026 [32m    LOG[39m [38;5;3m[RouterExplorer] [39m[32mMapped {/essay/grading/attempts/:attemptId/return, POST} route[39m[38;5;3m +0ms[39m
[32m[Nest] 17648  - [39m15:35:25 12/08/2026 [32m    LOG[39m [38;5;3m[RouterExplorer] [39m[32mMapped {/essay/grading/attempts/:attemptId/reopen, POST} route[39m[38;5;3m +0ms[39m
[32m[Nest] 17648  - [39m15:35:25 12/08/2026 [32m    LOG[39m [38;5;3m[RouterExplorer] [39m[32mMapped {/essay/grading/attempts/:attemptId/extend-time, POST} route[39m[38;5;3m +1ms[39m
[32m[Nest] 17648  - [39m15:35:25 12/08/2026 [32m    LOG[39m [38;5;3m[RouterExplorer] [39m[32mMapped {/essay/grading/attempts/:attemptId/penalty, POST} route[39m[38;5;3m +0ms[39m
[32m[Nest] 17648  - [39m15:35:25 12/08/2026 [32m    LOG[39m [38;5;3m[RouterExplorer] [39m[32mMapped {/essay/attempt/:token/answers/:questionId/files, POST} route[39m[38;5;3m +0ms[39m
[32m[Nest] 17648  - [39m15:35:25 12/08/2026 [32m    LOG[39m [38;5;3m[RoutesResolver] [39m[32mEssayGradingController {/essay-grading}:[39m[38;5;3m +1ms[39m
[32m[Nest] 17648  - [39m15:35:25 12/08/2026 [32m    LOG[39m [38;5;3m[RouterExplorer] [39m[32mMapped {/essay-grading/assignments, GET} route[39m[38;5;3m +0ms[39m
[32m[Nest] 17648  - [39m15:35:25 12/08/2026 [32m    LOG[39m [38;5;3m[RouterExplorer] [39m[32mMapped {/essay-grading/attempts/:attemptId, GET} route[39m[38;5;3m +1ms[39m
[32m[Nest] 17648  - [39m15:35:25 12/08/2026 [32m    LOG[39m [38;5;3m[RouterExplorer] [39m[32mMapped {/essay-grading/answers/:answerId, PATCH} route[39m[38;5;3m +0ms[39m
[32m[Nest] 17648  - [39m15:35:25 12/08/2026 [32m    LOG[39m [38;5;3m[RouterExplorer] [39m[32mMapped {/essay-grading/answers/:answerId/ai-suggest, POST} route[39m[38;5;3m +1ms[39m
[32m[Nest] 17648  - [39m15:35:25 12/08/2026 [32m    LOG[39m [38;5;3m[RouterExplorer] [39m[32mMapped {/essay-grading/attempts/:attemptId/submit, POST} route[39m[38;5;3m +0ms[39m
[32m[Nest] 17648  - [39m15:35:25 12/08/2026 [32m    LOG[39m [38;5;3m[RouterExplorer] [39m[32mMapped {/essay-grading/attempts/:attemptId/approve, POST} route[39m[38;5;3m +0ms[39m
[32m[Nest] 17648  - [39m15:35:25 12/08/2026 [32m    LOG[39m [38;5;3m[RouterExplorer] [39m[32mMapped {/essay-grading/attempts/:attemptId/publish, POST} route[39m[38;5;3m +0ms[39m
[32m[Nest] 17648  - [39m15:35:25 12/08/2026 [32m    LOG[39m [38;5;3m[RouterExplorer] [39m[32mMapped {/essay-grading/attempts/:attemptId/return, POST} route[39m[38;5;3m +0ms[39m
[32m[Nest] 17648  - [39m15:35:25 12/08/2026 [32m    LOG[39m [38;5;3m[RouterExplorer] [39m[32mMapped {/essay-grading/attempts/:attemptId/reopen, POST} route[39m[38;5;3m +0ms[39m
[32m[Nest] 17648  - [39m15:35:25 12/08/2026 [32m    LOG[39m [38;5;3m[RouterExplorer] [39m[32mMapped {/essay-grading/attempts/:attemptId/extend-time, POST} route[39m[38;5;3m +0ms[39m
[32m[Nest] 17648  - [39m15:35:25 12/08/2026 [32m    LOG[39m [38;5;3m[RouterExplorer] [39m[32mMapped {/essay-grading/attempts/:attemptId/penalty, POST} route[39m[38;5;3m +1ms[39m
[32m[Nest] 17648  - [39m15:35:25 12/08/2026 [32m    LOG[39m [38;5;3m[RouterExplorer] [39m[32mMapped {/essay-grading/attempts/:attemptId/answers/:answerId/adjust, POST} route[39m[38;5;3m +0ms[39m
[32m[Nest] 17648  - [39m15:35:25 12/08/2026 [32m    LOG[39m [38;5;3m[RoutesResolver] [39m[32mEssayConfigController {/online-exam-config}:[39m[38;5;3m +0ms[39m
[32m[Nest] 17648  - [39m15:35:25 12/08/2026 [32m    LOG[39m [38;5;3m[RouterExplorer] [39m[32mMapped {/online-exam-config/:scheduleId/essay, PATCH} route[39m[38;5;3m +1ms[39m
[32m[Nest] 17648  - [39m15:35:25 12/08/2026 [32m    LOG[39m [38;5;3m[RoutesResolver] [39m[32mAiController {/ai}:[39m[38;5;3m +0ms[39m
[32m[Nest] 17648  - [39m15:35:25 12/08/2026 [32m    LOG[39m [38;5;3m[RouterExplorer] [39m[32mMapped {/ai/status, GET} route[39m[38;5;3m +0ms[39m
[32m[Nest] 17648  - [39m15:35:25 12/08/2026 [32m    LOG[39m [38;5;3m[RouterExplorer] [39m[32mMapped {/ai/grade-essay, POST} route[39m[38;5;3m +1ms[39m
[32m[Nest] 17648  - [39m15:35:25 12/08/2026 [32m    LOG[39m [38;5;3m[RouterExplorer] [39m[32mMapped {/ai/generate-questions, POST} route[39m[38;5;3m +0ms[39m
[32m[Nest] 17648  - [39m15:35:25 12/08/2026 [32m    LOG[39m [38;5;3m[RoutesResolver] [39m[32mProctorController {/proctor}:[39m[38;5;3m +0ms[39m
[32m[Nest] 17648  - [39m15:35:25 12/08/2026 [32m    LOG[39m [38;5;3m[RouterExplorer] [39m[32mMapped {/proctor/live-dashboard/:scheduleRoomId, GET} route[39m[38;5;3m +1ms[39m
[32m[Nest] 17648  - [39m15:35:25 12/08/2026 [32m    LOG[39m [38;5;3m[RouterExplorer] [39m[32mMapped {/proctor/attempt/:attemptId/extend-time, POST} route[39m[38;5;3m +0ms[39m
[32m[Nest] 17648  - [39m15:35:25 12/08/2026 [32m    LOG[39m [38;5;3m[RouterExplorer] [39m[32mMapped {/proctor/room/:scheduleRoomId/bulk-extend-time, POST} route[39m[38;5;3m +1ms[39m
[32m[Nest] 17648  - [39m15:35:25 12/08/2026 [32m    LOG[39m [38;5;3m[RouterExplorer] [39m[32mMapped {/proctor/attempt/:attemptId/reopen, POST} route[39m[38;5;3m +0ms[39m
[32m[Nest] 17648  - [39m15:35:25 12/08/2026 [32m    LOG[39m [38;5;3m[RouterExplorer] [39m[32mMapped {/proctor/attempt/:attemptId/flag-incident, POST} route[39m[38;5;3m +0ms[39m
[32m[Nest] 17648  - [39m15:35:25 12/08/2026 [32m    LOG[39m [38;5;3m[RouterExplorer] [39m[32mMapped {/proctor/attempt/:attemptId/resolve-incident, POST} route[39m[38;5;3m +1ms[39m
[32m[Nest] 17648  - [39m15:35:25 12/08/2026 [32m    LOG[39m [38;5;3m[RoutesResolver] [39m[32mContactController {/contact}:[39m[38;5;3m +0ms[39m
[32m[Nest] 17648  - [39m15:35:25 12/08/2026 [32m    LOG[39m [38;5;3m[RouterExplorer] [39m[32mMapped {/contact/send, POST} route[39m[38;5;3m +1ms[39m
[32m[Nest] 17648  - [39m15:35:25 12/08/2026 [32m    LOG[39m [38;5;3m[RoutesResolver] [39m[32mTrashController {/trash}:[39m[38;5;3m +0ms[39m
[32m[Nest] 17648  - [39m15:35:25 12/08/2026 [32m    LOG[39m [38;5;3m[RouterExplorer] [39m[32mMapped {/trash/stats, GET} route[39m[38;5;3m +0ms[39m
[32m[Nest] 17648  - [39m15:35:25 12/08/2026 [32m    LOG[39m [38;5;3m[RouterExplorer] [39m[32mMapped {/trash/items, GET} route[39m[38;5;3m +1ms[39m
[32m[Nest] 17648  - [39m15:35:25 12/08/2026 [32m    LOG[39m [38;5;3m[RouterExplorer] [39m[32mMapped {/trash/restore, POST} route[39m[38;5;3m +0ms[39m
[32m[Nest] 17648  - [39m15:35:25 12/08/2026 [32m    LOG[39m [38;5;3m[RouterExplorer] [39m[32mMapped {/trash/auto-clean, POST} route[39m[38;5;3m +0ms[39m
[32m[Nest] 17648  - [39m15:35:25 12/08/2026 [32m    LOG[39m [38;5;3m[RouterExplorer] [39m[32mMapped {/trash/permanent, DELETE} route[39m[38;5;3m +1ms[39m
[32m[Nest] 17648  - [39m15:35:25 12/08/2026 [32m    LOG[39m [38;5;3m[RoutesResolver] [39m[32mPracticeController {/practice}:[39m[38;5;3m +0ms[39m
[32m[Nest] 17648  - [39m15:35:25 12/08/2026 [32m    LOG[39m [38;5;3m[RouterExplorer] [39m[32mMapped {/practice/generate, POST} route[39m[38;5;3m +0ms[39m
[32m[Nest] 17648  - [39m15:35:25 12/08/2026 [32m    LOG[39m [38;5;3m[RouterExplorer] [39m[32mMapped {/practice/:sessionId/submit, POST} route[39m[38;5;3m +1ms[39m
[32m[Nest] 17648  - [39m15:35:25 12/08/2026 [32m    LOG[39m [38;5;3m[RoutesResolver] [39m[32mGradeAppealsController {/grade-appeals}:[39m[38;5;3m +0ms[39m
[32m[Nest] 17648  - [39m15:35:25 12/08/2026 [32m    LOG[39m [38;5;3m[RouterExplorer] [39m[32mMapped {/grade-appeals, POST} route[39m[38;5;3m +0ms[39m
[32m[Nest] 17648  - [39m15:35:25 12/08/2026 [32m    LOG[39m [38;5;3m[RouterExplorer] [39m[32mMapped {/grade-appeals/my-appeals, GET} route[39m[38;5;3m +0ms[39m
[32m[Nest] 17648  - [39m15:35:25 12/08/2026 [32m    LOG[39m [38;5;3m[RouterExplorer] [39m[32mMapped {/grade-appeals, GET} route[39m[38;5;3m +1ms[39m
[32m[Nest] 17648  - [39m15:35:25 12/08/2026 [32m    LOG[39m [38;5;3m[RouterExplorer] [39m[32mMapped {/grade-appeals/:id, GET} route[39m[38;5;3m +0ms[39m
[32m[Nest] 17648  - [39m15:35:25 12/08/2026 [32m    LOG[39m [38;5;3m[RouterExplorer] [39m[32mMapped {/grade-appeals/:id/review, PATCH} route[39m[38;5;3m +0ms[39m
[32m[Nest] 17648  - [39m15:35:25 12/08/2026 [32m    LOG[39m [38;5;3m[RoutesResolver] [39m[32mExamReportsController {/exam-reports}:[39m[38;5;3m +1ms[39m
[32m[Nest] 17648  - [39m15:35:25 12/08/2026 [32m    LOG[39m [38;5;3m[RouterExplorer] [39m[32mMapped {/exam-reports/summary, GET} route[39m[38;5;3m +0ms[39m
[32m[Nest] 17648  - [39m15:35:25 12/08/2026 [32m    LOG[39m [38;5;3m[RoutesResolver] [39m[32mBackupController {/backups}:[39m[38;5;3m +0ms[39m
[32m[Nest] 17648  - [39m15:35:25 12/08/2026 [32m    LOG[39m [38;5;3m[RouterExplorer] [39m[32mMapped {/backups/overview, GET} route[39m[38;5;3m +1ms[39m
[32m[Nest] 17648  - [39m15:35:25 12/08/2026 [32m    LOG[39m [38;5;3m[RouterExplorer] [39m[32mMapped {/backups/jobs, GET} route[39m[38;5;3m +0ms[39m
[32m[Nest] 17648  - [39m15:35:25 12/08/2026 [32m    LOG[39m [38;5;3m[RouterExplorer] [39m[32mMapped {/backups/jobs/:id, GET} route[39m[38;5;3m +0ms[39m
[32m[Nest] 17648  - [39m15:35:25 12/08/2026 [32m    LOG[39m [38;5;3m[RouterExplorer] [39m[32mMapped {/backups/restore-requests, GET} route[39m[38;5;3m +1ms[39m
[32m[Nest] 17648  - [39m15:35:25 12/08/2026 [32m    LOG[39m [38;5;3m[RouterExplorer] [39m[32mMapped {/backups/jobs, POST} route[39m[38;5;3m +1ms[39m
[32m[Nest] 17648  - [39m15:35:25 12/08/2026 [32m    LOG[39m [38;5;3m[RouterExplorer] [39m[32mMapped {/backups/restore-requests, POST} route[39m[38;5;3m +0ms[39m
[32m[Nest] 17648  - [39m15:35:25 12/08/2026 [32m    LOG[39m [38;5;3m[RouterExplorer] [39m[32mMapped {/backups/restore-requests/:id/approve, POST} route[39m[38;5;3m +0ms[39m
[32m[Nest] 17648  - [39m15:35:25 12/08/2026 [32m    LOG[39m [38;5;3m[RouterExplorer] [39m[32mMapped {/backups/restore-requests/:id/reject, POST} route[39m[38;5;3m +1ms[39m
[32m[Nest] 17648  - [39m15:35:25 12/08/2026 [32m    LOG[39m [38;5;3m[NestApplication] [39m[32mNest application successfully started[39m[38;5;3m +200ms[39m
Backend Application is running on: http://localhost:3022
[32m[Nest] 17648  - [39m15:35:27 12/08/2026 [32m    LOG[39m [38;5;3m[HTTP] [39m[32m[POST] /auth/login - Finished in 100ms[39m
[32m[Nest] 17648  - [39m15:35:27 12/08/2026 [32m    LOG[39m [38;5;3m[HTTP] [39m[32m[GET] /auth/profile - Finished in 4ms[39m
[32m[Nest] 17648  - [39m15:35:27 12/08/2026 [32m    LOG[39m [38;5;3m[HTTP] [39m[32m[GET] /subjects - Finished in 9ms[39m
[32m[Nest] 17648  - [39m15:35:27 12/08/2026 [32m    LOG[39m [38;5;3m[HTTP] [39m[32m[GET] /dashboard/overview - Finished in 89ms[39m
[32m[Nest] 17648  - [39m15:35:27 12/08/2026 [32m    LOG[39m [38;5;3m[HTTP] [39m[32m[GET] /questions - Finished in 26ms[39m
[32m[Nest] 17648  - [39m15:35:27 12/08/2026 [32m    LOG[39m [38;5;3m[HTTP] [39m[32m[GET] /ai/status - Finished in 1ms[39m
[32m[Nest] 17648  - [39m15:35:27 12/08/2026 [32m    LOG[39m [38;5;3m[HTTP] [39m[32m[POST] /auth/login - Finished in 75ms[39m
[32m[Nest] 17648  - [39m15:35:27 12/08/2026 [32m    LOG[39m [38;5;3m[HTTP] [39m[32m[GET] /auth/profile - Finished in 3ms[39m
[32m[Nest] 17648  - [39m15:35:27 12/08/2026 [32m    LOG[39m [38;5;3m[HTTP] [39m[32m[GET] /subjects - Finished in 5ms[39m
[33m[Nest] 17648  - [39m15:35:27 12/08/2026 [33m   WARN[39m [38;5;3m[HTTP-ERROR] [39m[33m[31m[GET] /dashboard/overview - Status 403 - Error: {"message":"Bạn không có quyền thực hiện thao tác này.","error":"Forbidden","statusCode":403}[0m[39m
[32m[Nest] 17648  - [39m15:35:27 12/08/2026 [32m    LOG[39m [38;5;3m[HTTP] [39m[32m[GET] /questions - Finished in 14ms[39m
[32m[Nest] 17648  - [39m15:35:27 12/08/2026 [32m    LOG[39m [38;5;3m[HTTP] [39m[32m[GET] /ai/status - Finished in 1ms[39m
[32m[Nest] 17648  - [39m15:35:27 12/08/2026 [32m    LOG[39m [38;5;3m[HTTP] [39m[32m[POST] /auth/login - Finished in 75ms[39m
[32m[Nest] 17648  - [39m15:35:27 12/08/2026 [32m    LOG[39m [38;5;3m[HTTP] [39m[32m[GET] /auth/profile - Finished in 6ms[39m
[32m[Nest] 17648  - [39m15:35:27 12/08/2026 [32m    LOG[39m [38;5;3m[HTTP] [39m[32m[GET] /subjects - Finished in 10ms[39m
[33m[Nest] 17648  - [39m15:35:27 12/08/2026 [33m   WARN[39m [38;5;3m[HTTP-ERROR] [39m[33m[31m[GET] /dashboard/overview - Status 403 - Error: {"message":"Bạn không có quyền thực hiện thao tác này.","error":"Forbidden","statusCode":403}[0m[39m
[33m[Nest] 17648  - [39m15:35:27 12/08/2026 [33m   WARN[39m [38;5;3m[HTTP-ERROR] [39m[33m[31m[GET] /questions - Status 403 - Error: {"message":"Bạn không có quyền thực hiện thao tác này.","error":"Forbidden","statusCode":403}[0m[39m
[33m[Nest] 17648  - [39m15:35:27 12/08/2026 [33m   WARN[39m [38;5;3m[HTTP-ERROR] [39m[33m[31m[GET] /ai/status - Status 403 - Error: {"message":"Bạn không có quyền thực hiện thao tác này.","error":"Forbidden","statusCode":403}[0m[39m
